// Jest Snapshot v1, https://goo.gl/fbAQLP

exports[`Pruebas en el componente GifGridItem.js debe renderizar el componente <GifGridItem/> correctament 1`] = `
<div
  className="card animate__animated animate__fadeIn"
>
  <img
    alt="esto es un titulo"
    src="https://imagenes/img.jpg"
  />
  <p>
    esto es un titulo
  </p>
</div>
`;
